
> nextjs_tailwind_shadcn_ts@0.2.0 build
> node -e "process.env.NODE_OPTIONS='--no-warnings'; console.log('Starting build...')" && next build && cp -r .next/static .next/standalone/.next/ && cp -r public .next/standalone/

Starting build...
  ▲ Next.js 14.2.35
  - Environments: .env

   Creating an optimized production build ...
 ✓ Compiled successfully
   Skipping validation of types
   Linting ...
   Collecting page data ...
   Generating static pages (0/24) ...
Auth check error: n [Error]: Dynamic server usage: Route /api/auth/check couldn't be rendered statically because it used `cookies`. See more info here: https://nextjs.org/docs/messages/dynamic-server-error
    at l (/home/server2/spikeball/.next/server/chunks/276.js:1:37206)
    at p (/home/server2/spikeball/.next/server/chunks/840.js:1:1678)
    at x (/home/server2/spikeball/.next/server/app/api/auth/check/route.js:1:2339)
    at y (/home/server2/spikeball/.next/server/app/api/auth/check/route.js:1:2455)
    at u (/home/server2/spikeball/.next/server/app/api/auth/check/route.js:1:949)
    at /home/server2/spikeball/node_modules/next/dist/compiled/next-server/app-route.runtime.prod.js:6:38417
    at /home/server2/spikeball/node_modules/next/dist/server/lib/trace/tracer.js:140:36
    at NoopContextManager.with (/home/server2/spikeball/node_modules/next/dist/compiled/@opentelemetry/api/index.js:1:7062)
    at ContextAPI.with (/home/server2/spikeball/node_modules/next/dist/compiled/@opentelemetry/api/index.js:1:518)
    at NoopTracer.startActiveSpan (/home/server2/spikeball/node_modules/next/dist/compiled/@opentelemetry/api/index.js:1:18093) {
  description: "Route /api/auth/check couldn't be rendered statically because it used `cookies`. See more info here: https://nextjs.org/docs/messages/dynamic-server-error",
  digest: 'DYNAMIC_SERVER_USAGE'
}
   Generating static pages (6/24) 
   Generating static pages (12/24) 
Error fetching current player: n [Error]: Dynamic server usage: Route /api/players/current-player couldn't be rendered statically because it used `cookies`. See more info here: https://nextjs.org/docs/messages/dynamic-server-error
    at l (/home/server2/spikeball/.next/server/chunks/276.js:1:37206)
    at p (/home/server2/spikeball/.next/server/chunks/840.js:1:1678)
    at x (/home/server2/spikeball/.next/server/app/api/auth/check/route.js:1:2339)
    at y (/home/server2/spikeball/.next/server/app/api/auth/check/route.js:1:2455)
    at c (/home/server2/spikeball/.next/server/app/api/players/current-player/route.js:1:958)
    at /home/server2/spikeball/node_modules/next/dist/compiled/next-server/app-route.runtime.prod.js:6:38417
    at /home/server2/spikeball/node_modules/next/dist/server/lib/trace/tracer.js:140:36
    at NoopContextManager.with (/home/server2/spikeball/node_modules/next/dist/compiled/@opentelemetry/api/index.js:1:7062)
    at ContextAPI.with (/home/server2/spikeball/node_modules/next/dist/compiled/@opentelemetry/api/index.js:1:518)
    at NoopTracer.startActiveSpan (/home/server2/spikeball/node_modules/next/dist/compiled/@opentelemetry/api/index.js:1:18093) {
  description: "Route /api/players/current-player couldn't be rendered statically because it used `cookies`. See more info here: https://nextjs.org/docs/messages/dynamic-server-error",
  digest: 'DYNAMIC_SERVER_USAGE'
}
   Generating static pages (18/24) 
 ✓ Generating static pages (24/24)
   Finalizing page optimization ...
   Collecting build traces ...

Route (app)                              Size     First Load JS
┌ ○ /                                    56.7 kB         159 kB
├ ○ /_not-found                          875 B          88.1 kB
├ ○ /api                                 0 B                0 B
├ ƒ /api/auth/admin/set-password         0 B                0 B
├ ƒ /api/auth/change-password            0 B                0 B
├ ƒ /api/auth/check                      0 B                0 B
├ ƒ /api/auth/login                      0 B                0 B
├ ƒ /api/auth/logout                     0 B                0 B
├ ƒ /api/auth/register                   0 B                0 B
├ ƒ /api/decay                           0 B                0 B
├ ƒ /api/friends                         0 B                0 B
├ ƒ /api/friends/[id]                    0 B                0 B
├ ƒ /api/friends/pending-count           0 B                0 B
├ ƒ /api/friends/requests                0 B                0 B
├ ƒ /api/friends/sent                    0 B                0 B
├ ƒ /api/games                           0 B                0 B
├ ƒ /api/generate-games                  0 B                0 B
├ ƒ /api/leaderboard                     0 B                0 B
├ ƒ /api/players                         0 B                0 B
├ ƒ /api/players/[id]                    0 B                0 B
├ ƒ /api/players/current-player          0 B                0 B
├ ƒ /api/replay                          0 B                0 B
├ ƒ /api/upload/profile-picture          0 B                0 B
├ ƒ /api/users/[id]                      0 B                0 B
├ ƒ /api/users/compare                   0 B                0 B
└ ƒ /api/users/search                    0 B                0 B
+ First Load JS shared by all            87.3 kB
  ├ chunks/117-72579abab1244af5.js       31.7 kB
  ├ chunks/fd9d1056-b6bd4111191f2b98.js  53.7 kB
  └ other shared chunks (total)          1.89 kB


○  (Static)   prerendered as static content
ƒ  (Dynamic)  server-rendered on demand

